// Bun Snapshot v1, https://goo.gl/fbAQLP

exports[`export readable-netlist 1`] = `
"COMPONENTS:
 - R1: 1kΩ 0402 resistor
 - C1: 1nF 0402 capacitor

NET: C1_pos
  - R1 pin1
  - C1 pin1 (+)


COMPONENT_PINS:
R1 (1kΩ 0402)
- pin1(anode, pos, left): NETS(C1_pos)
- pin2(cathode, neg, right): NOT_CONNECTED

C1 (1nF 0402)
- pin1(pos): NETS(C1_pos)
- pin2(neg): NOT_CONNECTED
"
`;
